Polymorphia Maze: turn 0
Room One:
	Adventurers: Ted(health: 5.0). 
	Creatures: 
	Food: Apple, Pear 

Room Two:
	Adventurers: 
	Creatures: Zombie(health: 3.0). 
	Food: Mango 

Room Three:
	Adventurers: 
	Creatures: Troll(health: 3.0). 
	Food: 

Room Four:
	Adventurers: Bill(health: 5.0). 
	Creatures: Ogre(health: 3.0). 
	Food: 

Room Five:
	Adventurers: 
	Creatures: 
	Food: Carrot, Cake 

Room Six:
	Adventurers: 
	Creatures: 
	Food: Pork 

Room Seven:
	Adventurers: 
	Creatures: Werewolf(health: 3.0). 
	Food: Bread, Steak, Chicken 

Room Eight:
	Adventurers: 
	Creatures: 
	Food: 

Room Nine:
	Adventurers: 
	Creatures: Vampire(health: 3.0). 
	Food: Pumpkin Pie 

numAdventurersAlive2Polymorphia Maze: turn 1
Room One:
	Adventurers: Ted(health: 5.0). 
	Creatures: 
	Food: Apple, Pear 

Room Two:
	Adventurers: 
	Creatures: Zombie(health: 3.0). 
	Food: Mango 

Room Three:
	Adventurers: 
	Creatures: Troll(health: 3.0). 
	Food: 

Room Four:
	Adventurers: Bill(health: 5.0). 
	Creatures: Ogre(health: 3.0). 
	Food: 

Room Five:
	Adventurers: 
	Creatures: 
	Food: Carrot, Cake 

Room Six:
	Adventurers: 
	Creatures: 
	Food: Pork 

Room Seven:
	Adventurers: 
	Creatures: Werewolf(health: 3.0). 
	Food: Bread, Steak, Chicken 

Room Eight:
	Adventurers: 
	Creatures: 
	Food: 

Room Nine:
	Adventurers: 
	Creatures: Vampire(health: 3.0). 
	Food: Pumpkin Pie 

Adventurer wins the round. Creature takes 1 damage. Adventurer Bill(health: 5.0) fought CreatureOgre (health: 2.0)
Polymorphia Maze: turn 2
Room One:
	Adventurers: Bill(health: 4.75). 
	Creatures: 
	Food: Pear 

Room Two:
	Adventurers: Ted(health: 5.75). 
	Creatures: Zombie(health: 3.0). 
	Food: Mango 

Room Three:
	Adventurers: 
	Creatures: Troll(health: 3.0). 
	Food: 

Room Four:
	Adventurers: 
	Creatures: Ogre(health: 2.0). 
	Food: 

Room Five:
	Adventurers: 
	Creatures: 
	Food: Carrot, Cake 

Room Six:
	Adventurers: 
	Creatures: 
	Food: Pork 

Room Seven:
	Adventurers: 
	Creatures: Werewolf(health: 3.0). 
	Food: Bread, Steak, Chicken 

Room Eight:
	Adventurers: 
	Creatures: 
	Food: 

Room Nine:
	Adventurers: 
	Creatures: Vampire(health: 3.0). 
	Food: Pumpkin Pie 

Creature Zombie(health: -1.0) was killed.Adventurer wins the round. Creature takes 4 damage. Adventurer Ted(health: 5.75) fought CreatureZombie (health: -1.0)
Polymorphia Maze: turn 3
Room One:
	Adventurers: 
	Creatures: 
	Food: 

Room Two:
	Adventurers: Bill(health: 5.5). 
	Creatures: 
	Food: Mango 

Room Three:
	Adventurers: 
	Creatures: Troll(health: 3.0). 
	Food: 

Room Four:
	Adventurers: 
	Creatures: Ogre(health: 2.0). 
	Food: 

Room Five:
	Adventurers: Ted(health: 5.5). 
	Creatures: 
	Food: Carrot, Cake 

Room Six:
	Adventurers: 
	Creatures: 
	Food: Pork 

Room Seven:
	Adventurers: 
	Creatures: Werewolf(health: 3.0). 
	Food: Bread, Steak, Chicken 

Room Eight:
	Adventurers: 
	Creatures: 
	Food: 

Room Nine:
	Adventurers: 
	Creatures: Vampire(health: 3.0). 
	Food: Pumpkin Pie 

Polymorphia Maze: turn 4
Room One:
	Adventurers: 
	Creatures: 
	Food: 

Room Two:
	Adventurers: 
	Creatures: 
	Food: 

Room Three:
	Adventurers: Bill(health: 6.25). 
	Creatures: Troll(health: 3.0). 
	Food: 

Room Four:
	Adventurers: 
	Creatures: Ogre(health: 2.0). 
	Food: 

Room Five:
	Adventurers: 
	Creatures: 
	Food: Cake 

Room Six:
	Adventurers: 
	Creatures: 
	Food: Pork 

Room Seven:
	Adventurers: 
	Creatures: Werewolf(health: 3.0). 
	Food: Bread, Steak, Chicken 

Room Eight:
	Adventurers: Ted(health: 6.25). 
	Creatures: 
	Food: 

Room Nine:
	Adventurers: 
	Creatures: Vampire(health: 3.0). 
	Food: Pumpkin Pie 

Creature wins the round. Adventurer takes 3 damage. Adventurer Bill(health: 3.25) fought CreatureTroll (health: 3.0)
Polymorphia Maze: turn 5
Room One:
	Adventurers: 
	Creatures: 
	Food: 

Room Two:
	Adventurers: Bill(health: 3.0). 
	Creatures: 
	Food: 

Room Three:
	Adventurers: 
	Creatures: Troll(health: 3.0). 
	Food: 

Room Four:
	Adventurers: 
	Creatures: Ogre(health: 2.0). 
	Food: 

Room Five:
	Adventurers: Ted(health: 6.0). 
	Creatures: 
	Food: Cake 

Room Six:
	Adventurers: 
	Creatures: 
	Food: Pork 

Room Seven:
	Adventurers: 
	Creatures: Werewolf(health: 3.0). 
	Food: Bread, Steak, Chicken 

Room Eight:
	Adventurers: 
	Creatures: 
	Food: 

Room Nine:
	Adventurers: 
	Creatures: Vampire(health: 3.0). 
	Food: Pumpkin Pie 

Polymorphia Maze: turn 6
Room One:
	Adventurers: Bill(health: 2.75). 
	Creatures: 
	Food: 

Room Two:
	Adventurers: 
	Creatures: 
	Food: 

Room Three:
	Adventurers: 
	Creatures: Troll(health: 3.0). 
	Food: 

Room Four:
	Adventurers: 
	Creatures: Ogre(health: 2.0). 
	Food: 

Room Five:
	Adventurers: 
	Creatures: 
	Food: 

Room Six:
	Adventurers: 
	Creatures: 
	Food: Pork 

Room Seven:
	Adventurers: 
	Creatures: Werewolf(health: 3.0). 
	Food: Bread, Steak, Chicken 

Room Eight:
	Adventurers: Ted(health: 6.75). 
	Creatures: 
	Food: 

Room Nine:
	Adventurers: 
	Creatures: Vampire(health: 3.0). 
	Food: Pumpkin Pie 

Polymorphia Maze: turn 7
Room One:
	Adventurers: 
	Creatures: 
	Food: 

Room Two:
	Adventurers: Bill(health: 2.5). 
	Creatures: 
	Food: 

Room Three:
	Adventurers: 
	Creatures: Troll(health: 3.0). 
	Food: 

Room Four:
	Adventurers: 
	Creatures: Ogre(health: 2.0). 
	Food: 

Room Five:
	Adventurers: 
	Creatures: 
	Food: 

Room Six:
	Adventurers: 
	Creatures: 
	Food: Pork 

Room Seven:
	Adventurers: Ted(health: 6.5). 
	Creatures: Werewolf(health: 3.0). 
	Food: Bread, Steak, Chicken 

Room Eight:
	Adventurers: 
	Creatures: 
	Food: 

Room Nine:
	Adventurers: 
	Creatures: Vampire(health: 3.0). 
	Food: Pumpkin Pie 

Creature wins the round. Adventurer takes 1 damage. Adventurer Ted(health: 5.5) fought CreatureWerewolf (health: 3.0)
Polymorphia Maze: turn 8
Room One:
	Adventurers: 
	Creatures: 
	Food: 

Room Two:
	Adventurers: 
	Creatures: 
	Food: 

Room Three:
	Adventurers: 
	Creatures: Troll(health: 3.0). 
	Food: 

Room Four:
	Adventurers: 
	Creatures: Ogre(health: 2.0). 
	Food: 

Room Five:
	Adventurers: Bill(health: 2.25). 
	Creatures: 
	Food: 

Room Six:
	Adventurers: 
	Creatures: 
	Food: Pork 

Room Seven:
	Adventurers: 
	Creatures: Werewolf(health: 3.0). 
	Food: Bread, Steak, Chicken 

Room Eight:
	Adventurers: Ted(health: 5.25). 
	Creatures: 
	Food: 

Room Nine:
	Adventurers: 
	Creatures: Vampire(health: 3.0). 
	Food: Pumpkin Pie 

Polymorphia Maze: turn 9
Room One:
	Adventurers: 
	Creatures: 
	Food: 

Room Two:
	Adventurers: 
	Creatures: 
	Food: 

Room Three:
	Adventurers: 
	Creatures: Troll(health: 3.0). 
	Food: 

Room Four:
	Adventurers: 
	Creatures: Ogre(health: 2.0). 
	Food: 

Room Five:
	Adventurers: Ted(health: 5.0). 
	Creatures: 
	Food: 

Room Six:
	Adventurers: 
	Creatures: 
	Food: Pork 

Room Seven:
	Adventurers: 
	Creatures: Werewolf(health: 3.0). 
	Food: Bread, Steak, Chicken 

Room Eight:
	Adventurers: Bill(health: 2.0). 
	Creatures: 
	Food: 

Room Nine:
	Adventurers: 
	Creatures: Vampire(health: 3.0). 
	Food: Pumpkin Pie 

Polymorphia Maze: turn 10
Room One:
	Adventurers: 
	Creatures: 
	Food: 

Room Two:
	Adventurers: 
	Creatures: 
	Food: 

Room Three:
	Adventurers: 
	Creatures: Troll(health: 3.0). 
	Food: 

Room Four:
	Adventurers: 
	Creatures: Ogre(health: 2.0). 
	Food: 

Room Five:
	Adventurers: Bill(health: 1.75). 
	Creatures: 
	Food: 

Room Six:
	Adventurers: 
	Creatures: 
	Food: Pork 

Room Seven:
	Adventurers: 
	Creatures: Werewolf(health: 3.0). 
	Food: Bread, Steak, Chicken 

Room Eight:
	Adventurers: Ted(health: 4.75). 
	Creatures: 
	Food: 

Room Nine:
	Adventurers: 
	Creatures: Vampire(health: 3.0). 
	Food: Pumpkin Pie 

Polymorphia Maze: turn 11
Room One:
	Adventurers: 
	Creatures: 
	Food: 

Room Two:
	Adventurers: 
	Creatures: 
	Food: 

Room Three:
	Adventurers: 
	Creatures: Troll(health: 3.0). 
	Food: 

Room Four:
	Adventurers: Bill(health: 1.5). 
	Creatures: Ogre(health: 2.0). 
	Food: 

Room Five:
	Adventurers: 
	Creatures: 
	Food: 

Room Six:
	Adventurers: 
	Creatures: 
	Food: Pork 

Room Seven:
	Adventurers: Ted(health: 4.5). 
	Creatures: Werewolf(health: 3.0). 
	Food: Bread, Steak, Chicken 

Room Eight:
	Adventurers: 
	Creatures: 
	Food: 

Room Nine:
	Adventurers: 
	Creatures: Vampire(health: 3.0). 
	Food: Pumpkin Pie 

Creature wins the round. Adventurer takes 1 damage. Adventurer Bill(health: 0.5) fought CreatureOgre (health: 2.0)
Fight is a tie! Adventurer Ted(health: 4.5) fought CreatureWerewolf (health: 3.0)
Polymorphia Maze: turn 12
Room One:
	Adventurers: Bill(health: 0.25). 
	Creatures: 
	Food: 

Room Two:
	Adventurers: 
	Creatures: 
	Food: 

Room Three:
	Adventurers: 
	Creatures: Troll(health: 3.0). 
	Food: 

Room Four:
	Adventurers: Ted(health: 4.25). 
	Creatures: Ogre(health: 2.0). 
	Food: 

Room Five:
	Adventurers: 
	Creatures: 
	Food: 

Room Six:
	Adventurers: 
	Creatures: 
	Food: Pork 

Room Seven:
	Adventurers: 
	Creatures: Werewolf(health: 3.0). 
	Food: Bread, Steak, Chicken 

Room Eight:
	Adventurers: 
	Creatures: 
	Food: 

Room Nine:
	Adventurers: 
	Creatures: Vampire(health: 3.0). 
	Food: Pumpkin Pie 

Creature wins the round. Adventurer takes 3 damage. Adventurer Ted(health: 1.25) fought CreatureOgre (health: 2.0)
Polymorphia Maze: turn 13
Room One:
	Adventurers: 
	Creatures: 
	Food: 

Room Two:
	Adventurers: 
	Creatures: 
	Food: 

Room Three:
	Adventurers: 
	Creatures: Troll(health: 3.0). 
	Food: 

Room Four:
	Adventurers: Bill(health: 0.0). 
	Creatures: Ogre(health: 2.0). 
	Food: 

Room Five:
	Adventurers: Ted(health: 1.0). 
	Creatures: 
	Food: 

Room Six:
	Adventurers: 
	Creatures: 
	Food: Pork 

Room Seven:
	Adventurers: 
	Creatures: Werewolf(health: 3.0). 
	Food: Bread, Steak, Chicken 

Room Eight:
	Adventurers: 
	Creatures: 
	Food: 

Room Nine:
	Adventurers: 
	Creatures: Vampire(health: 3.0). 
	Food: Pumpkin Pie 

Creature Ogre(health: -2.0) was killed.Adventurer wins the round. Creature takes 4 damage. Adventurer Bill(health: 0.0) fought CreatureOgre (health: -2.0)
Polymorphia Maze: turn 14
Room One:
	Adventurers: 
	Creatures: 
	Food: 

Room Two:
	Adventurers: 
	Creatures: 
	Food: 

Room Three:
	Adventurers: 
	Creatures: Troll(health: 3.0). 
	Food: 

Room Four:
	Adventurers: 
	Creatures: 
	Food: 

Room Five:
	Adventurers: Bill(health: -0.25). 
	Creatures: 
	Food: 

Room Six:
	Adventurers: 
	Creatures: 
	Food: Pork 

Room Seven:
	Adventurers: 
	Creatures: Werewolf(health: 3.0). 
	Food: Bread, Steak, Chicken 

Room Eight:
	Adventurers: Ted(health: 0.75). 
	Creatures: 
	Food: 

Room Nine:
	Adventurers: 
	Creatures: Vampire(health: 3.0). 
	Food: Pumpkin Pie 

Polymorphia Maze: turn 15
Room One:
	Adventurers: 
	Creatures: 
	Food: 

Room Two:
	Adventurers: 
	Creatures: 
	Food: 

Room Three:
	Adventurers: 
	Creatures: Troll(health: 3.0). 
	Food: 

Room Four:
	Adventurers: 
	Creatures: 
	Food: 

Room Five:
	Adventurers: 
	Creatures: 
	Food: 

Room Six:
	Adventurers: 
	Creatures: 
	Food: Pork 

Room Seven:
	Adventurers: Ted(health: 0.5). 
	Creatures: Werewolf(health: 3.0). 
	Food: Bread, Steak, Chicken 

Room Eight:
	Adventurers: Bill(health: -0.5). 
	Creatures: 
	Food: 

Room Nine:
	Adventurers: 
	Creatures: Vampire(health: 3.0). 
	Food: Pumpkin Pie 

Adventurer Ted(health: -0.5) was killed.Creature wins the round. Adventurer takes 1 damage. Adventurer Ted(health: -0.5) fought CreatureWerewolf (health: 3.0)
Polymorphia Maze: turn 16
Room One:
	Adventurers: 
	Creatures: 
	Food: 

Room Two:
	Adventurers: 
	Creatures: 
	Food: 

Room Three:
	Adventurers: 
	Creatures: Troll(health: 3.0). 
	Food: 

Room Four:
	Adventurers: 
	Creatures: 
	Food: 

Room Five:
	Adventurers: Bill(health: -0.75). 
	Creatures: 
	Food: 

Room Six:
	Adventurers: 
	Creatures: 
	Food: Pork 

Room Seven:
	Adventurers: 
	Creatures: Werewolf(health: 3.0). 
	Food: Bread, Steak, Chicken 

Room Eight:
	Adventurers: 
	Creatures: 
	Food: 

Room Nine:
	Adventurers: 
	Creatures: Vampire(health: 3.0). 
	Food: Pumpkin Pie 

Polymorphia Maze: turn 17
Room One:
	Adventurers: 
	Creatures: 
	Food: 

Room Two:
	Adventurers: 
	Creatures: 
	Food: 

Room Three:
	Adventurers: 
	Creatures: Troll(health: 3.0). 
	Food: 

Room Four:
	Adventurers: Bill(health: -1.0). 
	Creatures: 
	Food: 

Room Five:
	Adventurers: 
	Creatures: 
	Food: 

Room Six:
	Adventurers: 
	Creatures: 
	Food: Pork 

Room Seven:
	Adventurers: 
	Creatures: Werewolf(health: 3.0). 
	Food: Bread, Steak, Chicken 

Room Eight:
	Adventurers: 
	Creatures: 
	Food: 

Room Nine:
	Adventurers: 
	Creatures: Vampire(health: 3.0). 
	Food: Pumpkin Pie 

Polymorphia Maze: turn 18
Room One:
	Adventurers: 
	Creatures: 
	Food: 

Room Two:
	Adventurers: 
	Creatures: 
	Food: 

Room Three:
	Adventurers: 
	Creatures: Troll(health: 3.0). 
	Food: 

Room Four:
	Adventurers: 
	Creatures: 
	Food: 

Room Five:
	Adventurers: 
	Creatures: 
	Food: 

Room Six:
	Adventurers: 
	Creatures: 
	Food: Pork 

Room Seven:
	Adventurers: Bill(health: -1.25). 
	Creatures: Werewolf(health: 3.0). 
	Food: Bread, Steak, Chicken 

Room Eight:
	Adventurers: 
	Creatures: 
	Food: 

Room Nine:
	Adventurers: 
	Creatures: Vampire(health: 3.0). 
	Food: Pumpkin Pie 

Adventurer Bill(health: -3.25) was killed.Creature wins the round. Adventurer takes 2 damage. Adventurer Bill(health: -3.25) fought CreatureWerewolf (health: 3.0)
Boo, the Creatures won!Boo, the Creatures won!